// Jest Snapshot v1, https://goo.gl/fbAQLP

exports[`application shows application 1`] = `"<header><a href=\\"/\\"><button>Home</button></a></header><h1>Welcome</h1><ul><li><a href=\\"/profile\\">My Profile</a></li><li><a href=\\"/user\\">Users</a></li><li><a href=\\"/chat\\">Chat</a></li><li><a href=\\"/login\\">Login</a></li></ul>"`;
