// Jest Snapshot v1, https://goo.gl/fbAQLP

exports[`chat page shows chat page 1`] = `"<div class=\\"chat\\"><header><h1>Chat</h1></header><h3>Write you first message</h3><main></main><footer><form><input type=\\"text\\" value=\\"\\"><button>Send</button></form></footer></div>"`;
