// Jest Snapshot v1, https://goo.gl/fbAQLP

exports[`error view show error view 1`] = `"<div>Something went wrong<br>Nope, not working</div>"`;
