// Jest Snapshot v1, https://goo.gl/fbAQLP

exports[`loading view shows loading view 1`] = `"<div class=\\"cont\\">Loading...</div>"`;
