// Jest Snapshot v1, https://goo.gl/fbAQLP

exports[`login callback page shows login page 1`] = `"<h1>Login Callback</h1>"`;
